// Jest Snapshot v1, https://goo.gl/fbAQLP

exports[`A página de configuração Deve ser renderizada corretamente 1`] = `
<div>
  <div
    class="card"
  >
    <section>
      <h2>
        Vamos começar!
      </h2>
      <form
        class="formulario"
      >
        <input
          placeholder="Insira os nomes dos participantes"
          type="text"
          value=""
        />
        <button
          disabled=""
        >
          Adicionar
        </button>
      </form>
      
    </section>
    <ul
      class="lista"
    />
    <footer
      class="rodape"
    >
      <button
        class="rodape_botao"
        disabled=""
      >
        Iniciar
        <br />
        brincadeira!
      </button>
      <img
        alt="Desenho de sacolas de compras"
        src="/imagens/sacolas.png"
      />
    </footer>
  </div>
</div>
`;
